[2025-11-29 16:05:39,896] 161 numexpr.utils - INFO - NumExpr defaulting to 8 threads.
[2025-11-29 16:05:58,118] 20 root - INFO - Initiate the data ingestion
[2025-11-29 16:06:03,902] 67 root - INFO - Performed Train test split on dataframe
[2025-11-29 16:06:03,903] 68 root - INFO - Exited Split_data_as_train_test method of Data_Ingestion class
[2025-11-29 16:06:03,904] 73 root - INFO - Exporting train test method of data_ingestion class
[2025-11-29 16:06:04,021] 78 root - INFO - Exported train and test file path
[2025-11-29 16:06:04,023] 22 root - INFO - Data Initiation Completed
[2025-11-29 16:06:04,037] 27 root - INFO - Initiated the data Validation
[2025-11-29 16:06:04,259] 30 root - INFO - Required number of columns:2
[2025-11-29 16:06:04,260] 31 root - INFO - Dataframe has columns:Index(['having_IP_Address', 'URL_Length', 'Shortining_Service',
       'having_At_Symbol', 'double_slash_redirecting', 'Prefix_Suffix',
       'having_Sub_Domain', 'SSLfinal_State', 'Domain_registeration_length',
       'Favicon', 'port', 'HTTPS_token', 'Request_URL', 'URL_of_Anchor',
       'Links_in_tags', 'SFH', 'Submitting_to_email', 'Abnormal_URL',
       'Redirect', 'on_mouseover', 'RightClick', 'popUpWidnow', 'Iframe',
       'age_of_domain', 'DNSRecord', 'web_traffic', 'Page_Rank',
       'Google_Index', 'Links_pointing_to_page', 'Statistical_report',
       'Result'],
      dtype='object')
[2025-11-29 16:06:04,261] 30 root - INFO - Required number of columns:2
[2025-11-29 16:06:04,261] 31 root - INFO - Dataframe has columns:Index(['having_IP_Address', 'URL_Length', 'Shortining_Service',
       'having_At_Symbol', 'double_slash_redirecting', 'Prefix_Suffix',
       'having_Sub_Domain', 'SSLfinal_State', 'Domain_registeration_length',
       'Favicon', 'port', 'HTTPS_token', 'Request_URL', 'URL_of_Anchor',
       'Links_in_tags', 'SFH', 'Submitting_to_email', 'Abnormal_URL',
       'Redirect', 'on_mouseover', 'RightClick', 'popUpWidnow', 'Iframe',
       'age_of_domain', 'DNSRecord', 'web_traffic', 'Page_Rank',
       'Google_Index', 'Links_pointing_to_page', 'Statistical_report',
       'Result'],
      dtype='object')
[2025-11-29 16:06:04,538] 29 root - INFO - Data Validation Completed
[2025-11-29 16:06:04,539] 33 root - INFO - Data Transformation started
[2025-11-29 16:06:04,539] 51 root - INFO - Entered initiate_data_transformation method of fataTransfromation class
[2025-11-29 16:06:04,539] 53 root - INFO - Starting data transformation
[2025-11-29 16:06:04,605] 40 root - INFO - entered get_data_transformer_object method of transformerclass
[2025-11-29 16:06:04,605] 43 root - INFO - Initialise KNNImputer with {'missing_values': nan, 'n_neighbors': 3, 'weights': 'uniform'}
[2025-11-29 16:06:04,649] 47 root - INFO - entered the save_object method mainutils class
[2025-11-29 16:06:04,731] 51 root - INFO - Exited the save_object emthod of MainUtils class
[2025-11-29 16:06:04,735] 37 root - INFO - Data Transformation Completed
[2025-11-29 16:06:04,736] 40 root - INFO - Model Training Started
[2025-11-29 16:15:37,464] 47 root - INFO - entered the save_object method mainutils class
[2025-11-29 16:15:37,489] 51 root - INFO - Exited the save_object emthod of MainUtils class
[2025-11-29 16:15:37,491] 127 root - INFO - Model Trainer artifact: ModelTrainerArtifact(trained_model_file_path='Artifacts\\11_29_2025_16_05_41\\model_trainer\\trained_model\\model.pkl', train_metric_artifact=ClassificationMetricArtifact(f1_score=0.9914529914529915, precision_score=0.9890377588306942, recall_score=0.9938800489596084), test_metric_artifact=ClassificationMetricArtifact(f1_score=0.9710891089108911, precision_score=0.9653543307086614, recall_score=0.9768924302788845))
[2025-11-29 16:15:37,495] 45 root - INFO - Model Training aritifact created
