[2025-11-24 20:19:15,264] 161 numexpr.utils - INFO - NumExpr defaulting to 8 threads.
[2025-11-24 20:19:28,258] 19 root - INFO - Initiate the data ingestion
[2025-11-24 20:19:34,729] 67 root - INFO - Performed Train test split on dataframe
[2025-11-24 20:19:34,730] 68 root - INFO - Exited Split_data_as_train_test method of Data_Ingestion class
[2025-11-24 20:19:34,733] 73 root - INFO - Exporting train test method of data_ingestion class
[2025-11-24 20:19:34,966] 78 root - INFO - Exported train and test file path
[2025-11-24 20:19:34,969] 21 root - INFO - Data Initiation Completed
[2025-11-24 20:19:35,046] 26 root - INFO - Initiated the data Validation
[2025-11-24 20:19:35,329] 30 root - INFO - Required number of columns:2
[2025-11-24 20:19:35,334] 31 root - INFO - Dataframe has columns:Index(['having_IP_Address', 'URL_Length', 'Shortining_Service',
       'having_At_Symbol', 'double_slash_redirecting', 'Prefix_Suffix',
       'having_Sub_Domain', 'SSLfinal_State', 'Domain_registeration_length',
       'Favicon', 'port', 'HTTPS_token', 'Request_URL', 'URL_of_Anchor',
       'Links_in_tags', 'SFH', 'Submitting_to_email', 'Abnormal_URL',
       'Redirect', 'on_mouseover', 'RightClick', 'popUpWidnow', 'Iframe',
       'age_of_domain', 'DNSRecord', 'web_traffic', 'Page_Rank',
       'Google_Index', 'Links_pointing_to_page', 'Statistical_report',
       'Result'],
      dtype='object')
[2025-11-24 20:19:35,335] 30 root - INFO - Required number of columns:2
[2025-11-24 20:19:35,336] 31 root - INFO - Dataframe has columns:Index(['having_IP_Address', 'URL_Length', 'Shortining_Service',
       'having_At_Symbol', 'double_slash_redirecting', 'Prefix_Suffix',
       'having_Sub_Domain', 'SSLfinal_State', 'Domain_registeration_length',
       'Favicon', 'port', 'HTTPS_token', 'Request_URL', 'URL_of_Anchor',
       'Links_in_tags', 'SFH', 'Submitting_to_email', 'Abnormal_URL',
       'Redirect', 'on_mouseover', 'RightClick', 'popUpWidnow', 'Iframe',
       'age_of_domain', 'DNSRecord', 'web_traffic', 'Page_Rank',
       'Google_Index', 'Links_pointing_to_page', 'Statistical_report',
       'Result'],
      dtype='object')
[2025-11-24 20:19:35,661] 28 root - INFO - Data Validation Completed
