[2026-01-08 18:00:39,287] 161 numexpr.utils - INFO - NumExpr defaulting to 8 threads.
[2026-01-08 18:01:32,023] 41 root - INFO - Starting data ingestion
[2026-01-08 18:01:41,201] 67 root - INFO - Performed Train test split on dataframe
[2026-01-08 18:01:41,202] 68 root - INFO - Exited Split_data_as_train_test method of Data_Ingestion class
[2026-01-08 18:01:41,203] 73 root - INFO - Exporting train test method of data_ingestion class
[2026-01-08 18:01:41,402] 78 root - INFO - Exported train and test file path
[2026-01-08 18:01:41,404] 44 root - INFO - Data ingestion completed: DataIngestionArtifact(trained_file_path='Artifacts\\01_08_2026_18_00_40\\data_ingestion\\ingested\\train.csv', test_file_path='Artifacts\\01_08_2026_18_00_40\\data_ingestion\\ingested\\test.csv')
[2026-01-08 18:01:41,729] 30 root - INFO - Required number of columns:2
[2026-01-08 18:01:41,731] 31 root - INFO - Dataframe has columns:Index(['having_IP_Address', 'URL_Length', 'Shortining_Service',
       'having_At_Symbol', 'double_slash_redirecting', 'Prefix_Suffix',
       'having_Sub_Domain', 'SSLfinal_State', 'Domain_registeration_length',
       'Favicon', 'port', 'HTTPS_token', 'Request_URL', 'URL_of_Anchor',
       'Links_in_tags', 'SFH', 'Submitting_to_email', 'Abnormal_URL',
       'Redirect', 'on_mouseover', 'RightClick', 'popUpWidnow', 'Iframe',
       'age_of_domain', 'DNSRecord', 'web_traffic', 'Page_Rank',
       'Google_Index', 'Links_pointing_to_page', 'Statistical_report',
       'Result'],
      dtype='object')
[2026-01-08 18:01:41,732] 30 root - INFO - Required number of columns:2
[2026-01-08 18:01:41,733] 31 root - INFO - Dataframe has columns:Index(['having_IP_Address', 'URL_Length', 'Shortining_Service',
       'having_At_Symbol', 'double_slash_redirecting', 'Prefix_Suffix',
       'having_Sub_Domain', 'SSLfinal_State', 'Domain_registeration_length',
       'Favicon', 'port', 'HTTPS_token', 'Request_URL', 'URL_of_Anchor',
       'Links_in_tags', 'SFH', 'Submitting_to_email', 'Abnormal_URL',
       'Redirect', 'on_mouseover', 'RightClick', 'popUpWidnow', 'Iframe',
       'age_of_domain', 'DNSRecord', 'web_traffic', 'Page_Rank',
       'Google_Index', 'Links_pointing_to_page', 'Statistical_report',
       'Result'],
      dtype='object')
[2026-01-08 18:01:42,244] 51 root - INFO - Entered initiate_data_transformation method of fataTransfromation class
[2026-01-08 18:01:42,245] 53 root - INFO - Starting data transformation
[2026-01-08 18:01:42,319] 40 root - INFO - entered get_data_transformer_object method of transformerclass
[2026-01-08 18:01:42,319] 43 root - INFO - Initialise KNNImputer with {'missing_values': nan, 'n_neighbors': 3, 'weights': 'uniform'}
[2026-01-08 18:01:42,553] 47 root - INFO - entered the save_object method mainutils class
[2026-01-08 18:01:42,572] 51 root - INFO - Exited the save_object emthod of MainUtils class
[2026-01-08 18:01:42,573] 47 root - INFO - entered the save_object method mainutils class
[2026-01-08 18:01:42,606] 51 root - INFO - Exited the save_object emthod of MainUtils class
[2026-01-08 18:13:03,187] 47 root - INFO - entered the save_object method mainutils class
[2026-01-08 18:13:03,209] 51 root - INFO - Exited the save_object emthod of MainUtils class
[2026-01-08 18:13:03,210] 47 root - INFO - entered the save_object method mainutils class
[2026-01-08 18:13:03,226] 51 root - INFO - Exited the save_object emthod of MainUtils class
[2026-01-08 18:13:03,227] 129 root - INFO - Model Trainer artifact: ModelTrainerArtifact(trained_model_file_path='Artifacts\\01_08_2026_18_00_40\\model_trainer\\trained_model\\model.pkl', train_metric_artifact=ClassificationMetricArtifact(f1_score=0.9913538805818329, precision_score=0.9886386691012375, recall_score=0.9940840473276213), test_metric_artifact=ClassificationMetricArtifact(f1_score=0.970367443698143, precision_score=0.9623824451410659, recall_score=0.9784860557768924))
