[2025-11-24 20:34:54,615] 161 numexpr.utils - INFO - NumExpr defaulting to 8 threads.
[2025-11-24 20:35:01,371] 19 root - INFO - Initiate the data ingestion
[2025-11-24 20:35:06,771] 67 root - INFO - Performed Train test split on dataframe
[2025-11-24 20:35:06,771] 68 root - INFO - Exited Split_data_as_train_test method of Data_Ingestion class
[2025-11-24 20:35:06,772] 73 root - INFO - Exporting train test method of data_ingestion class
[2025-11-24 20:35:06,888] 78 root - INFO - Exported train and test file path
[2025-11-24 20:35:06,890] 21 root - INFO - Data Initiation Completed
[2025-11-24 20:35:06,903] 26 root - INFO - Initiated the data Validation
[2025-11-24 20:35:07,053] 30 root - INFO - Required number of columns:2
[2025-11-24 20:35:07,055] 31 root - INFO - Dataframe has columns:Index(['having_IP_Address', 'URL_Length', 'Shortining_Service',
       'having_At_Symbol', 'double_slash_redirecting', 'Prefix_Suffix',
       'having_Sub_Domain', 'SSLfinal_State', 'Domain_registeration_length',
       'Favicon', 'port', 'HTTPS_token', 'Request_URL', 'URL_of_Anchor',
       'Links_in_tags', 'SFH', 'Submitting_to_email', 'Abnormal_URL',
       'Redirect', 'on_mouseover', 'RightClick', 'popUpWidnow', 'Iframe',
       'age_of_domain', 'DNSRecord', 'web_traffic', 'Page_Rank',
       'Google_Index', 'Links_pointing_to_page', 'Statistical_report',
       'Result'],
      dtype='object')
[2025-11-24 20:35:07,055] 30 root - INFO - Required number of columns:2
[2025-11-24 20:35:07,055] 31 root - INFO - Dataframe has columns:Index(['having_IP_Address', 'URL_Length', 'Shortining_Service',
       'having_At_Symbol', 'double_slash_redirecting', 'Prefix_Suffix',
       'having_Sub_Domain', 'SSLfinal_State', 'Domain_registeration_length',
       'Favicon', 'port', 'HTTPS_token', 'Request_URL', 'URL_of_Anchor',
       'Links_in_tags', 'SFH', 'Submitting_to_email', 'Abnormal_URL',
       'Redirect', 'on_mouseover', 'RightClick', 'popUpWidnow', 'Iframe',
       'age_of_domain', 'DNSRecord', 'web_traffic', 'Page_Rank',
       'Google_Index', 'Links_pointing_to_page', 'Statistical_report',
       'Result'],
      dtype='object')
[2025-11-24 20:35:07,334] 28 root - INFO - Data Validation Completed
[2025-11-24 20:35:07,335] 32 root - INFO - Data Transformation started
[2025-11-24 20:35:07,335] 51 root - INFO - Entered initiate_data_transformation method of fataTransfromation class
[2025-11-24 20:35:07,336] 53 root - INFO - Starting data transformation
[2025-11-24 20:35:07,390] 40 root - INFO - entered get_data_transformer_object method of transformerclass
[2025-11-24 20:35:07,390] 43 root - INFO - Initialise KNNImputer with {'missing_values': nan, 'n_neighbors': 3, 'weights': 'uniform'}
[2025-11-24 20:35:07,424] 44 root - INFO - entered the save_object method mainutils class
[2025-11-24 20:35:07,431] 48 root - INFO - Exited the save_object emthod of MainUtils class
[2025-11-24 20:35:07,435] 36 root - INFO - Data Transformation Completed
